#-----------------------------------------------------------
# Webtalk v2017.4 (64-bit)
# SW Build 2086221 on Fri Dec 15 20:55:39 MST 2017
# IP Build 2085800 on Fri Dec 15 22:25:07 MST 2017
# Start of session at: Mon Dec 25 22:34:44 2023
# Process ID: 22376
# Current directory: D:/ComputerScience/Projects/DigitalLogicProj/project/HDL_Framework/GenshinKitchen.sim/HZD_Simulation/behav/xsim
# Command line: wbtcv.exe -mode batch -source D:/ComputerScience/Projects/DigitalLogicProj/project/HDL_Framework/GenshinKitchen.sim/HZD_Simulation/behav/xsim/xsim.dir/ScriptModeTest_behav/webtalk/xsim_webtalk.tcl -notrace
# Log file: D:/ComputerScience/Projects/DigitalLogicProj/project/HDL_Framework/GenshinKitchen.sim/HZD_Simulation/behav/xsim/webtalk.log
# Journal file: D:/ComputerScience/Projects/DigitalLogicProj/project/HDL_Framework/GenshinKitchen.sim/HZD_Simulation/behav/xsim\webtalk.jou
#-----------------------------------------------------------
source D:/ComputerScience/Projects/DigitalLogicProj/project/HDL_Framework/GenshinKitchen.sim/HZD_Simulation/behav/xsim/xsim.dir/ScriptModeTest_behav/webtalk/xsim_webtalk.tcl -notrace
